C:\Users\Usuario>D:

D:\>cd Code Projects

D:\Code Projects>git clone https://github.com/Fernandogmft/coursera-test.git
Cloning into 'coursera-test'...
remote: Enumerating objects: 8, done.
remote: Counting objects: 100% (8/8), done.
remote: Compressing objects: 100% (5/5), done.
remote: Total 8 (delta 0), reused 0 (delta 0), pack-reused 0
Receiving objects: 100% (8/8), done.

D:\Code Projects>dir
 El volumen de la unidad D es Nuevo vol
 El número de serie del volumen es: 14D7-0F91

 Directorio de D:\Code Projects

03/02/2022  14:01    <DIR>          .
03/02/2022  14:01    <DIR>          ..
03/02/2022  14:01    <DIR>          coursera-test
               0 archivos              0 bytes
               3 dirs  984.875.814.912 bytes libres

D:\Code Projects>cd coursera-test

D:\Code Projects\coursera-test>git status
On branch main
Your branch is up to date with 'origin/main'.

nothing to commit, working tree clean

D:\Code Projects\coursera-test>git checkout gh-pages
Switched to a new branch 'gh-pages'
branch 'gh-pages' set up to track 'origin/gh-pages'.

D:\Code Projects\coursera-test>git status
On branch gh-pages
Your branch is up to date with 'origin/gh-pages'.

nothing to commit, working tree clean

D:\Code Projects\coursera-test>